<html>
<body>
<pre>
<h1>µVision Build Log</h1>
<h2>Tool Versions:</h2>
IDE-Version: µVision V5.29.0.0
Copyright (C) 2019 ARM Ltd and ARM Germany GmbH. All rights reserved.
License Information: arafa arafa, hello, LIC=----
 
Tool Versions:
Toolchain:       MDK-Lite  Version: 5.29.0.0
Toolchain Path:  C:\Keil_v5\ARM\ARMCC\Bin
C Compiler:      Armcc.exe V5.06 update 6 (build 750)
Assembler:       Armasm.exe V5.06 update 6 (build 750)
Linker/Locator:  ArmLink.exe V5.06 update 6 (build 750)
Library Manager: ArmAr.exe V5.06 update 6 (build 750)
Hex Converter:   FromElf.exe V5.06 update 6 (build 750)
CPU DLL:         SARMCM3.DLL V5.29.0.0
Dialog DLL:      DCM.DLL V1.17.3.0
Target DLL:      UL2CM3.DLL V1.163.0.0
Dialog DLL:      TCM.DLL V1.36.5.0
 
<h2>Project:</h2>
D:\ARM_Project\Tiva_c\WDT\WDT.uvprojx
Project File Date:  06/17/2023

<h2>Output:</h2>
*** Using Compiler 'V5.06 update 6 (build 750)', folder: 'C:\Keil_v5\ARM\ARMCC\Bin'
Build target 'Target 1'
compiling main.c...
MCAL/WDT/../../STD_LIBRARIES/STD_TYPES.h(64): warning:  #1-D: last line of file ends without a newline
  #endif /* STD_TYPES_H_ */
MCAL/WDT/../../STD_LIBRARIES/bit_math.h(66): warning:  #1-D: last line of file ends without a newline
  #endif /* BIT_MATH_H_ */
MCAL/WDT/wdt.h(86): warning:  #1-D: last line of file ends without a newline
  void wdt_deinit(wdt_index_t wdtn);
main.c(30): warning:  #188-D: enumerated type mixed with another type
      wdt_cfg.use_reset_mode = 0;
main.c(31): warning:  #188-D: enumerated type mixed with another type
      wdt_cfg.use_test_mode = 1;
main.c: 5 warnings, 0 errors
compiling wdt_driver .c...
MCAL\WDT\../../STD_LIBRARIES/STD_TYPES.h(64): warning:  #1-D: last line of file ends without a newline
  #endif /* STD_TYPES_H_ */
MCAL\WDT\../../STD_LIBRARIES/bit_math.h(66): warning:  #1-D: last line of file ends without a newline
  #endif /* BIT_MATH_H_ */
MCAL\WDT\wdt.h(86): warning:  #1-D: last line of file ends without a newline
  void wdt_deinit(wdt_index_t wdtn);
MCAL\WDT\wdt_driver .c(77): warning:  #61-D: integer operation result is out of range
  		while (!READ_BIT(WDTCTL(WDT1),WRC_IDX));
MCAL\WDT\wdt_driver .c(77): warning:  #68-D: integer conversion resulted in a change of sign
  		while (!READ_BIT(WDTCTL(WDT1),WRC_IDX));
MCAL\WDT\wdt_driver .c(159): warning:  #188-D: enumerated type mixed with another type
  	boolean result = FALSE;
MCAL\WDT\wdt_driver .c(162): warning:  #188-D: enumerated type mixed with another type
  		result = TRUE;
MCAL\WDT\wdt_driver .c(181): warning:  #1-D: last line of file ends without a newline
  }
MCAL\WDT\wdt_driver .c: 8 warnings, 0 errors
linking...
Program Size: Code=1276 RO-data=652 RW-data=28 ZI-data=628  
".\Objects\WDT.axf" - 0 Error(s), 13 Warning(s).

<h2>Software Packages used:</h2>

Package Vendor: ARM
                http://www.keil.com/pack/ARM.CMSIS.5.6.0.pack
                ARM.CMSIS.5.6.0
                CMSIS (Cortex Microcontroller Software Interface Standard)
   * Component: CORE Version: 5.3.0

Package Vendor: Keil
                http://www.keil.com/pack/Keil.TM4C_DFP.1.1.0.pack
                Keil.TM4C_DFP.1.1.0
                Texas Instruments Tiva C Series Device Support and Examples
   * Component: Startup Version: 1.0.1

<h2>Collection of Component include folders:</h2>
  .\RTE\_Target_1
  C:\Users\Arafa\AppData\Local\Arm\Packs\ARM\CMSIS\5.6.0\CMSIS\Core\Include
  C:\Users\Arafa\AppData\Local\Arm\Packs\Keil\TM4C_DFP\1.1.0\Device\Include\TM4C123

<h2>Collection of Component Files used:</h2>

   * Component: ARM::CMSIS:CORE:5.3.0

   * Component: Keil::Device:Startup:1.0.1
      Include file:  Device\Include\TM4C123\TM4C123.h
      Source file:   Device\Source\system_TM4C123.c
      Source file:   Device\Source\ARM\startup_TM4C123.s
Build Time Elapsed:  00:00:00
</pre>
</body>
</html>
